14:00:43 **** Incremental Build of configuration Debug for project Lab02_5 ****
make -j7 all 
arm-none-eabi-gcc "../Core/Src/main.c" -mcpu=cortex-m4 -std=gnu11 -g3 -DDEBUG -DUSE_HAL_DRIVER -DSTM32F411xE -c -I../Core/Inc -I../Drivers/STM32F4xx_HAL_Driver/Inc -I../Drivers/STM32F4xx_HAL_Driver/Inc/Legacy -I../Drivers/CMSIS/Device/ST/STM32F4xx/Include -I../Drivers/CMSIS/Include -O0 -ffunction-sections -fdata-sections -Wall -fstack-usage -MMD -MP -MF"Core/Src/main.d" -MT"Core/Src/main.o" --specs=nano.specs -mfpu=fpv4-sp-d16 -mfloat-abi=hard -mthumb -o "Core/Src/main.o"
arm-none-eabi-gcc -o "Lab02_5.elf" @"objects.list"   -mcpu=cortex-m4 -T"/Users/titor/Chula/2-2/Embeded Sys Lab/Lab02_5/STM32F411RETX_FLASH.ld" --specs=nosys.specs -Wl,-Map="Lab02_5.map" -Wl,--gc-sections -static --specs=nano.specs -mfpu=fpv4-sp-d16 -mfloat-abi=hard -mthumb -Wl,--start-group -lc -lm -Wl,--end-group
Finished building target: Lab02_5.elf
 
arm-none-eabi-size   Lab02_5.elf 
arm-none-eabi-objdump -h -S  Lab02_5.elf  > "Lab02_5.list"
   text	   data	    bss	    dec	    hex	filename
   8764	     20	   1636	  10420	   28b4	Lab02_5.elf
Finished building: default.size.stdout
 
Finished building: Lab02_5.list
 

14:00:44 Build Finished. 0 errors, 0 warnings. (took 1s.99ms)

